INFO:     Started server process [9048]
INFO:     Waiting for application startup.
INFO:     Application startup complete.
INFO:     Uvicorn running on http://127.0.0.1:8000 (Press CTRL+C to quit)
INFO:     127.0.0.1:56182 - "GET /docs HTTP/1.1" 200 OK
INFO:     127.0.0.1:56183 - "POST /ingestion/statsbomb/87/84 HTTP/1.1" 500 Internal Server Error
ERROR:    Exception in ASGI application
Traceback (most recent call last):
  File "C:\Users\Alberto Quesada\Desktop\player-scouting\.venv\Lib\site-packages\uvicorn\protocols\http\httptools_impl.py", line 422, in run_asgi
    result = await app(  # type: ignore[func-returns-value]
             ^^^^^^^^^^^^^^^^^^^^^^^^^^^^^^^^^^^^^^^^^^^^^^
        self.scope, self.receive, self.send
        ^^^^^^^^^^^^^^^^^^^^^^^^^^^^^^^^^^^
    )
    ^
  File "C:\Users\Alberto Quesada\Desktop\player-scouting\.venv\Lib\site-packages\uvicorn\middleware\proxy_headers.py", line 63, in __call__
    return await self.app(scope, receive, send)
           ^^^^^^^^^^^^^^^^^^^^^^^^^^^^^^^^^^^^
  File "C:\Users\Alberto Quesada\Desktop\player-scouting\.venv\Lib\site-packages\fastapi\applications.py", line 1163, in __call__
    await super().__call__(scope, receive, send)
  File "C:\Users\Alberto Quesada\Desktop\player-scouting\.venv\Lib\site-packages\starlette\applications.py", line 96, in __call__
    await self.middleware_stack(scope, receive, send)
  File "C:\Users\Alberto Quesada\Desktop\player-scouting\.venv\Lib\site-packages\starlette\middleware\errors.py", line 186, in __call__
    raise exc
  File "C:\Users\Alberto Quesada\Desktop\player-scouting\.venv\Lib\site-packages\starlette\middleware\errors.py", line 164, in __call__
    await self.app(scope, receive, _send)
  File "C:\Users\Alberto Quesada\Desktop\player-scouting\.venv\Lib\site-packages\starlette\middleware\exceptions.py", line 63, in __call__
    await wrap_app_handling_exceptions(self.app, conn)(scope, receive, send)
  File "C:\Users\Alberto Quesada\Desktop\player-scouting\.venv\Lib\site-packages\starlette\_exception_handler.py", line 53, in wrapped_app
    raise exc
  File "C:\Users\Alberto Quesada\Desktop\player-scouting\.venv\Lib\site-packages\starlette\_exception_handler.py", line 42, in wrapped_app
    await app(scope, receive, sender)
  File "C:\Users\Alberto Quesada\Desktop\player-scouting\.venv\Lib\site-packages\fastapi\middleware\asyncexitstack.py", line 18, in __call__
    await self.app(scope, receive, send)
  File "C:\Users\Alberto Quesada\Desktop\player-scouting\.venv\Lib\site-packages\starlette\routing.py", line 676, in __call__
    await self.middleware_stack(scope, receive, send)
  File "C:\Users\Alberto Quesada\Desktop\player-scouting\.venv\Lib\site-packages\fastapi\routing.py", line 2734, in app
    await route.handle(scope, receive, send)
  File "C:\Users\Alberto Quesada\Desktop\player-scouting\.venv\Lib\site-packages\fastapi\routing.py", line 1780, in handle
    await self.original_router.handle(scope, receive, send)
  File "C:\Users\Alberto Quesada\Desktop\player-scouting\.venv\Lib\site-packages\fastapi\routing.py", line 2789, in handle
    await included_router._handle_selected(scope, receive, send)
  File "C:\Users\Alberto Quesada\Desktop\player-scouting\.venv\Lib\site-packages\fastapi\routing.py", line 1800, in _handle_selected
    await original_route.handle(scope, receive, send)
  File "C:\Users\Alberto Quesada\Desktop\player-scouting\.venv\Lib\site-packages\fastapi\routing.py", line 1279, in handle
    await app(scope, receive, send)
  File "C:\Users\Alberto Quesada\Desktop\player-scouting\.venv\Lib\site-packages\fastapi\routing.py", line 158, in app
    await wrap_app_handling_exceptions(app, request)(scope, receive, send)
  File "C:\Users\Alberto Quesada\Desktop\player-scouting\.venv\Lib\site-packages\starlette\_exception_handler.py", line 53, in wrapped_app
    raise exc
  File "C:\Users\Alberto Quesada\Desktop\player-scouting\.venv\Lib\site-packages\starlette\_exception_handler.py", line 42, in wrapped_app
    await app(scope, receive, sender)
  File "C:\Users\Alberto Quesada\Desktop\player-scouting\.venv\Lib\site-packages\fastapi\routing.py", line 144, in app
    response = await f(request)
               ^^^^^^^^^^^^^^^^
  File "C:\Users\Alberto Quesada\Desktop\player-scouting\.venv\Lib\site-packages\fastapi\routing.py", line 706, in app
    raw_response = await run_endpoint_function(
                   ^^^^^^^^^^^^^^^^^^^^^^^^^^^^
    ...<3 lines>...
    )
    ^
  File "C:\Users\Alberto Quesada\Desktop\player-scouting\.venv\Lib\site-packages\fastapi\routing.py", line 354, in run_endpoint_function
    return await run_in_threadpool(dependant.call, **values)
           ^^^^^^^^^^^^^^^^^^^^^^^^^^^^^^^^^^^^^^^^^^^^^^^^^
  File "C:\Users\Alberto Quesada\Desktop\player-scouting\.venv\Lib\site-packages\starlette\concurrency.py", line 34, in run_in_threadpool
    return await anyio.to_thread.run_sync(func)
           ^^^^^^^^^^^^^^^^^^^^^^^^^^^^^^^^^^^^
  File "C:\Users\Alberto Quesada\Desktop\player-scouting\.venv\Lib\site-packages\anyio\to_thread.py", line 65, in run_sync
    return await get_async_backend().run_sync_in_worker_thread(
           ^^^^^^^^^^^^^^^^^^^^^^^^^^^^^^^^^^^^^^^^^^^^^^^^^^^^
        func, args, abandon_on_cancel=abandon_on_cancel, limiter=limiter
        ^^^^^^^^^^^^^^^^^^^^^^^^^^^^^^^^^^^^^^^^^^^^^^^^^^^^^^^^^^^^^^^^
    )
    ^
  File "C:\Users\Alberto Quesada\Desktop\player-scouting\.venv\Lib\site-packages\anyio\_backends\_asyncio.py", line 2706, in run_sync_in_worker_thread
    return await future
           ^^^^^^^^^^^^
  File "C:\Users\Alberto Quesada\Desktop\player-scouting\.venv\Lib\site-packages\anyio\_backends\_asyncio.py", line 1100, in run
    result = context.run(func, *args)
  File "C:\Users\Alberto Quesada\Desktop\player-scouting\src\player_scouting\presentation\api\routers\ingestion.py", line 22, in ingest_statsbomb_competition
    result = use_case.execute(competition_id, season_id)
  File "C:\Users\Alberto Quesada\Desktop\player-scouting\src\player_scouting\application\use_cases\ingest_competition.py", line 43, in execute
    birth_date = self.birth_date_provider.find(stats.name, stats.nationality)
  File "C:\Users\Alberto Quesada\Desktop\player-scouting\src\player_scouting\infrastructure\birth_dates\wikidata_provider.py", line 47, in find
    response.raise_for_status()
    ~~~~~~~~~~~~~~~~~~~~~~~~~^^
  File "C:\Users\Alberto Quesada\Desktop\player-scouting\.venv\Lib\site-packages\httpx\_models.py", line 829, in raise_for_status
    raise HTTPStatusError(message, request=request, response=self)
httpx.HTTPStatusError: Client error '403 Forbidden' for url 'https://query.wikidata.org/sparql?query=%0A++++SELECT+%3FbirthDate+%3FcountryLabel+WHERE+%7B%0A++++++%3Fperson+rdfs%3Alabel+%3Flabel.%0A++++++FILTER%28LCASE%28STR%28%3Flabel%29%29+%3D+LCASE%28%22Miguel+de+Andr%C3%A9s%22%29%29%0A++++++%3Fperson+wdt%3AP31+wd%3AQ5.%0A++++++%3Fperson+wdt%3AP106+wd%3AQ937857.%0A++++++%3Fperson+wdt%3AP569+%3FbirthDate.%0A++++++OPTIONAL+%7B%0A++++++++%3Fperson+wdt%3AP27+%3Fcountry.%0A++++++++%3Fcountry+rdfs%3Alabel+%3FcountryLabel.%0A++++++++FILTER%28LANG%28%3FcountryLabel%29+%3D+%22en%22%29%0A++++++%7D%0A++++%7D%0A++++&format=json'
For more information check: https://developer.mozilla.org/en-US/docs/Web/HTTP/Status/403
